// Jest Snapshot v1, https://goo.gl/fbAQLP

exports[`TransactionEditor should render correctly 1`] = `
<Connect(TransactionEditor)
  route={
    Object {
      "params": Object {},
    }
  }
  transaction={
    Object {
      "data": "0x0",
      "from": "0x0",
      "gas": 0,
      "gasPrice": 1,
      "to": "0x1",
      "value": 0,
    }
  }
/>
`;
