// Jest Snapshot v1, https://goo.gl/fbAQLP

exports[`OfflineMode should render correctly 1`] = `
<Connect(OfflineMode)
  route={
    Object {
      "params": Object {},
    }
  }
/>
`;
