// Jest Snapshot v1, https://goo.gl/fbAQLP

exports[`TransactionReviewEIP1559 should render correctly 1`] = `<Connect(TransactionReviewEIP1559) />`;
