// Jest Snapshot v1, https://goo.gl/fbAQLP

exports[`NetworkSettings should render correctly 1`] = `
<Connect(NetworkSettings)
  route={
    Object {
      "params": Object {},
    }
  }
/>
`;
