// Jest Snapshot v1, https://goo.gl/fbAQLP

exports[`ChoosePassword should render correctly 1`] = `
<Connect(ChoosePassword)
  route={
    Object {
      "params": Array [
        "onboarding",
        "protect",
      ],
    }
  }
/>
`;
