// Jest Snapshot v1, https://goo.gl/fbAQLP

exports[`Settings should render correctly 1`] = `
<Connect(Settings)
  route={
    Object {
      "params": Object {},
    }
  }
/>
`;
