// Jest Snapshot v1, https://goo.gl/fbAQLP

exports[`ImportFromSeed should render correctly 1`] = `
<Connect(ImportFromSeed)
  route={
    Object {
      "params": Object {},
    }
  }
/>
`;
