// Jest Snapshot v1, https://goo.gl/fbAQLP

exports[`AdvancedSettings should render correctly 1`] = `
<Connect(AdvancedSettings)
  route={
    Object {
      "params": Object {},
    }
  }
/>
`;
