// Jest Snapshot v1, https://goo.gl/fbAQLP

exports[`Amount should render correctly 1`] = `<Connect(Amount) />`;
