// Jest Snapshot v1, https://goo.gl/fbAQLP

exports[`SignatureRequest should render correctly 1`] = `
<Connect(SignatureRequest)
  currentPageInformation={
    Object {
      "title": "title",
      "url": "url",
    }
  }
/>
`;
