// Jest Snapshot v1, https://goo.gl/fbAQLP

exports[`TransactionReview should render correctly 1`] = `
<Connect(TransactionReview)
  generateTransform={[MockFunction]}
  route={
    Object {
      "params": Object {},
    }
  }
  transactionData={
    Object {
      "amount": 0,
      "from": "0x0",
      "gas": 0,
      "gasPrice": 1,
    }
  }
/>
`;
