// Jest Snapshot v1, https://goo.gl/fbAQLP

exports[`TransactionReviewInformation should render correctly 1`] = `
<Connect(TransactionReviewInformation)
  EIP1559GasData={Object {}}
  transactionData={
    Object {
      "amount": 0,
      "from": "0x0",
      "gas": 0,
      "gasPrice": 1,
    }
  }
/>
`;
