// Jest Snapshot v1, https://goo.gl/fbAQLP

exports[`TransactionReviewData should render correctly 1`] = `
<Connect(TransactionReviewData)
  transactionData={
    Object {
      "amount": 0,
      "from": "0x0",
      "gas": 0,
      "gasPrice": 1,
    }
  }
/>
`;
