// Jest Snapshot v1, https://goo.gl/fbAQLP

exports[`CollectibleContracts should render correctly 1`] = `
<Connect(CollectibleContracts)
  collectibles={
    Array [
      Object {
        "address": "0x0",
        "image": "image",
        "name": "name",
        "tokenId": 10,
      },
    ]
  }
  route={
    Object {
      "params": Object {
        "address": "0x1",
      },
    }
  }
/>
`;
