// Jest Snapshot v1, https://goo.gl/fbAQLP

exports[`Tokens should hide zero balance tokens when setting is on 1`] = `
<Connect(Tokens)
  tokens={
    Array [
      Object {
        "address": "0x0",
        "decimals": 18,
        "isETH": true,
        "symbol": "ETH",
      },
      Object {
        "address": "0x01",
        "decimals": 18,
        "symbol": "BAT",
      },
      Object {
        "address": "0x02",
        "decimals": 18,
        "symbol": "LINK",
      },
    ]
  }
/>
`;

exports[`Tokens should render correctly 1`] = `<Connect(Tokens) />`;

exports[`Tokens should show all balance tokens when hideZeroBalanceTokens setting is off 1`] = `
<Connect(Tokens)
  tokens={
    Array [
      Object {
        "address": "0x0",
        "decimals": 18,
        "isETH": true,
        "symbol": "ETH",
      },
      Object {
        "address": "0x01",
        "decimals": 18,
        "symbol": "BAT",
      },
      Object {
        "address": "0x02",
        "decimals": 18,
        "symbol": "LINK",
      },
    ]
  }
/>
`;
