// Jest Snapshot v1, https://goo.gl/fbAQLP

exports[`Collectible should render correctly 1`] = `
<Connect(Collectible)
  route={
    Object {
      "params": Object {
        "address": "0x1",
      },
    }
  }
/>
`;
