// Jest Snapshot v1, https://goo.gl/fbAQLP

exports[`NetworksSettings should render correctly 1`] = `
<Connect(NetworksSettings)
  route={
    Object {
      "params": Object {},
    }
  }
/>
`;
